// Jest Snapshot v1, https://goo.gl/fbAQLP

exports[`renders ./components/toast/demo/basic.md correctly 1`] = `
<div
  class="am-wingblank am-wingblank-lg"
>
  <div
    class="am-whitespace am-whitespace-md"
  >
    
  </div>
  <a
    aria-disabled="false"
    class="am-button"
    role="button"
  >
    <span>
      Text toast
    </span>
  </a>
  <div
    class="am-whitespace am-whitespace-md"
  >
    
  </div>
  <a
    aria-disabled="false"
    class="am-button"
    role="button"
  >
    <span>
      Without mask
    </span>
  </a>
  <div
    class="am-whitespace am-whitespace-md"
  >
    
  </div>
  <a
    aria-disabled="false"
    class="am-button"
    role="button"
  >
    <span>
      Cumstom Icon
    </span>
  </a>
  <div
    class="am-whitespace am-whitespace-md"
  >
    
  </div>
  <a
    aria-disabled="false"
    class="am-button"
    role="button"
  >
    <span>
      Success toast
    </span>
  </a>
  <div
    class="am-whitespace am-whitespace-md"
  >
    
  </div>
  <a
    aria-disabled="false"
    class="am-button"
    role="button"
  >
    <span>
      Failed toast
    </span>
  </a>
  <div
    class="am-whitespace am-whitespace-md"
  >
    
  </div>
  <a
    aria-disabled="false"
    class="am-button"
    role="button"
  >
    <span>
      Network failure toast
    </span>
  </a>
  <div
    class="am-whitespace am-whitespace-md"
  >
    
  </div>
  <a
    aria-disabled="false"
    class="am-button"
    role="button"
  >
    <span>
      Loading toast
    </span>
  </a>
  <div
    class="am-whitespace am-whitespace-md"
  >
    
  </div>
</div>
`;
