// Jest Snapshot v1, https://goo.gl/fbAQLP

exports[`Drawer renders correctly 1`] = `
<View
  onMoveShouldSetResponder={[Function]}
  onMoveShouldSetResponderCapture={[Function]}
  onResponderEnd={[Function]}
  onResponderGrant={[Function]}
  onResponderMove={[Function]}
  onResponderReject={[Function]}
  onResponderRelease={[Function]}
  onResponderStart={[Function]}
  onResponderTerminate={[Function]}
  onResponderTerminationRequest={[Function]}
  onStartShouldSetResponder={[Function]}
  onStartShouldSetResponderCapture={[Function]}
  style={
    Object {
      "backgroundColor": "transparent",
      "flex": 1,
    }
  }
>
  <View
    collapsable={undefined}
    style={
      Object {
        "flex": 1,
        "zIndex": 0,
      }
    }
  >
    <Text
      accessible={true}
      allowFontScaling={true}
      disabled={false}
      ellipsizeMode="tail"
    >
      Main
    </Text>
  </View>
  <View
    accessibilityComponentType={undefined}
    accessibilityLabel={undefined}
    accessibilityTraits={undefined}
    accessible={true}
    collapsable={undefined}
    hitSlop={undefined}
    nativeID={undefined}
    onLayout={undefined}
    onResponderGrant={[Function]}
    onResponderMove={[Function]}
    onResponderRelease={[Function]}
    onResponderTerminate={[Function]}
    onResponderTerminationRequest={[Function]}
    onStartShouldSetResponder={[Function]}
    pointerEvents="none"
    style={
      Object {
        "backgroundColor": "#000",
        "bottom": 0,
        "left": 0,
        "opacity": 0,
        "position": "absolute",
        "right": 0,
        "top": 0,
        "zIndex": 1000,
      }
    }
    testID={undefined}
  />
  <View
    accessibilityViewIsModal={false}
    collapsable={undefined}
    style={
      Object {
        "backgroundColor": undefined,
        "bottom": 0,
        "left": 0,
        "position": "absolute",
        "right": null,
        "top": 0,
        "transform": Array [
          Object {
            "translateX": -300,
          },
        ],
        "width": 300,
        "zIndex": 1001,
      }
    }
  >
    <Text
      accessible={true}
      allowFontScaling={true}
      disabled={false}
      ellipsizeMode="tail"
    >
      Text
    </Text>
  </View>
</View>
`;
